NAME "WMS Calificacion y Usos de Terreno" 
EXTENT 5422163.0 6344000.0 5446837.0 6364000.0
SIZE 400 300 
UNITS METERS
FONTSET "/usr/local/apache/htdocs/mapserver/fonts.list.example"
IMAGETYPE jpeg 
IMAGECOLOR 255 255 255 
RESOLUTION 72
SHAPEPATH "/geodata/"
SYMBOLSET "/usr/local/apache/htdocs/mapserver/infomapas.sym"
OUTPUTFORMAT
	NAME "jpeg"
        DRIVER "GD/jpeg"
        MIMETYPE "image/jpeg"
        FORMATOPTION "QUALITY=100"
        IMAGEMODE RGBA
        EXTENSION "jpg"
        TRANSPARENT ON
END
WEB
	TEMPLATE index.html
	IMAGEPATH "/usr/local/apache/htdocs/tmp/"
	IMAGEURL "mapserver/"
        METADATA
            "wms_title"  "WMS Calificacion y Usos de Terreno"  ##required
            "wms_onlineresource" "http://mapsrv2-test.pm.rosario.gov.ar/cgi-bin/mapservwms?map=/wms/codigourbano.map&"
	    "wms_srs" "epsg:22195"
        END

END

REFERENCE
        IMAGE "/usr/local/apache/htdocs/mapserver/keymap.png"
        EXTENT 5424500 6343900 5444610 6364000
        SIZE 100 100
        STATUS ON
        COLOR -1 -1 -1
        OUTLINECOLOR 0 0 255
END

PROJECTION
  "init=epsg:22195"   ##required
END

LAYER # Distritos Urbanos
		NAME "Distritos Urbanos"
		METADATA
               	"wms_title"    "Distritos Urbanos"  ##required
       	END
	      	PROJECTION
      		"init=epsg:22195"
		END
		CONNECTION "aricagn0/aricagn0@gis"
		CONNECTIONTYPE INFORMIXSPATIAL
		DATA "the_geom from v_codigo_urbano USING UNIQUE SE_ROW_ID FILTER"
		STATUS ON
		TYPE POLYGON
		POSTLABELCACHE OFF
		LABELCACHE ON
		LABELITEM "etiqueta"
		FILTER "tipo = 1"
		TRANSPARENCY 75

		CLASS
			NAME "Distritos A"
			EXPRESSION ('[color]' = 'Distrito A')
			SIZE 5
			OUTLINECOLOR 0 0 0
			COLOR 130 80 70

		LABEL
			COLOR 0 0 0
			BACKGROUNDCOLOR 255 255 255
			TYPE TRUETYPE
			ANGLE AUTO
			ANTIALIAS ON
			FONT lucida
			SIZE 7
			BUFFER 0
			MAXSIZE 12
			MINDISTANCE 0
			MINFEATURESIZE 20
			PARTIALS OFF
			POSITION CC
			FORCE FALSE
			END
		END


		CLASS
			NAME "Distritos B"
			EXPRESSION ('[color]' = 'Distrito B')
			SIZE 5
			OUTLINECOLOR 0 0 0
			COLOR 180 120 90

		LABEL
			COLOR 0 0 0
			BACKGROUNDCOLOR 255 255 255
			TYPE TRUETYPE
			ANGLE AUTO
			ANTIALIAS ON
			FONT lucida
			SIZE 7
			BUFFER 0
			MAXSIZE 12
			MINDISTANCE 0
			MINFEATURESIZE 20
			PARTIALS OFF
			POSITION CC
			FORCE FALSE
			END
		END


		CLASS
			NAME "Distritos C"
			EXPRESSION ('[color]' = 'Distrito C')
			SIZE 5
			OUTLINECOLOR 0 0 0
			COLOR 190 130 80

		LABEL
			COLOR 0 0 0
			BACKGROUNDCOLOR 255 255 255
			TYPE TRUETYPE
			ANGLE AUTO
			ANTIALIAS ON
			FONT lucida
			SIZE 7
			BUFFER 0
			MAXSIZE 12
			MINDISTANCE 0
			MINFEATURESIZE 20
			PARTIALS OFF
			POSITION CC
			FORCE FALSE
			END
		END


		CLASS
			NAME "Distritos D"
			EXPRESSION ('[color]' = 'Distrito D')
			SIZE 5
			OUTLINECOLOR 0 0 0
			COLOR 220 190 160

		LABEL
			COLOR 0 0 0
			BACKGROUNDCOLOR 255 255 255
			TYPE TRUETYPE
			ANGLE AUTO
			ANTIALIAS ON
			FONT lucida
			SIZE 7
			BUFFER 0
			MAXSIZE 12
			MINDISTANCE 0
			MINFEATURESIZE 20
			PARTIALS OFF
			POSITION CC
			FORCE FALSE
			END
		END


		CLASS
			NAME "Distritos E"
			EXPRESSION ('[color]' = 'Distrito E')
			SIZE 5
			OUTLINECOLOR 0 0 0
			COLOR 180 190 160

		LABEL
			COLOR 0 0 0
			BACKGROUNDCOLOR 255 255 255
			TYPE TRUETYPE
			ANGLE AUTO
			ANTIALIAS ON
			FONT lucida
			SIZE 7
			BUFFER 0
			MAXSIZE 12
			MINDISTANCE 0
			MINFEATURESIZE 20
			PARTIALS OFF
			POSITION CC
			FORCE FALSE
			END
		END


		CLASS
			NAME "Distritos F"
			EXPRESSION ('[color]' = 'Distrito F')
			SIZE 5
			OUTLINECOLOR 0 0 0
			COLOR 150 150 100

		LABEL
			COLOR 0 0 0
			BACKGROUNDCOLOR 255 255 255
			TYPE TRUETYPE
			ANGLE AUTO
			ANTIALIAS ON
			FONT lucida
			SIZE 7
			BUFFER 0
			MAXSIZE 12
			MINDISTANCE 0
			MINFEATURESIZE 20
			PARTIALS OFF
			POSITION CC
			FORCE FALSE
			END
		END


		CLASS
			NAME "Distritos G"
			EXPRESSION ('[color]' = 'Distrito G')
			SIZE 5
			OUTLINECOLOR 0 0 0
			COLOR 90 95 70

		LABEL
			COLOR 0 0 0
			BACKGROUNDCOLOR 255 255 255
			TYPE TRUETYPE
			ANGLE AUTO
			ANTIALIAS ON
			FONT lucida
			SIZE 7
			BUFFER 0
			MAXSIZE 12
			MINDISTANCE 0
			MINFEATURESIZE 20
			PARTIALS OFF
			POSITION CC
			FORCE FALSE
			END
		END


		CLASS
			NAME "Distritos H"
			EXPRESSION ('[color]' = 'Distrito H')
			SIZE 5
			OUTLINECOLOR 0 0 0
			COLOR 50 100 75

		LABEL
			COLOR 0 0 0
			BACKGROUNDCOLOR 255 255 255
			TYPE TRUETYPE
			ANGLE AUTO
			ANTIALIAS ON
			FONT lucida
			SIZE 7
			BUFFER 0
			MAXSIZE 12
			MINDISTANCE 0
			MINFEATURESIZE 20
			PARTIALS OFF
			POSITION CC
			FORCE FALSE
			END
		END


		CLASS
			NAME "Distritos I"
			EXPRESSION ('[color]' = 'Distrito I')
			SIZE 5
			OUTLINECOLOR 0 0 0
			COLOR 255 255 204

		LABEL
			COLOR 0 0 0
			BACKGROUNDCOLOR 255 255 255
			TYPE TRUETYPE
			ANGLE AUTO
			ANTIALIAS ON
			FONT lucida
			SIZE 7
			BUFFER 0
			MAXSIZE 12
			MINDISTANCE 0
			MINFEATURESIZE 20
			PARTIALS OFF
			POSITION CC
			FORCE FALSE
			END
		END


		CLASS
			NAME "Distritos J"
			EXPRESSION ('[color]' = 'Distrito J')
			SIZE 5
			OUTLINECOLOR 0 0 0
			COLOR 255 255 140

		LABEL
			COLOR 0 0 0
			BACKGROUNDCOLOR 255 255 255
			TYPE TRUETYPE
			ANGLE AUTO
			ANTIALIAS ON
			FONT lucida
			SIZE 7
			BUFFER 0
			MAXSIZE 12
			MINDISTANCE 0
			MINFEATURESIZE 20
			PARTIALS OFF
			POSITION CC
			FORCE FALSE
			END
		END


		CLASS
			NAME "Distritos K"
			EXPRESSION ('[color]' = 'Distrito K')
			SIZE 5
			OUTLINECOLOR 0 0 0
			COLOR 0 40 40

		LABEL
			COLOR 0 0 0
			BACKGROUNDCOLOR 255 255 255
			TYPE TRUETYPE
			ANGLE AUTO
			ANTIALIAS ON
			FONT lucida
			SIZE 7
			BUFFER 0
			MAXSIZE 12
			MINDISTANCE 0
			MINFEATURESIZE 20
			PARTIALS OFF
			POSITION CC
			FORCE FALSE
			END
		END


		CLASS
			NAME "Distritos L"
			EXPRESSION ('[color]' = 'Distrito L')
			SIZE 5
			OUTLINECOLOR 0 0 0
			COLOR 0 100 100

		LABEL
			COLOR 0 0 0
			BACKGROUNDCOLOR 255 255 255
			TYPE TRUETYPE
			ANGLE AUTO
			ANTIALIAS ON
			FONT lucida
			SIZE 7
			BUFFER 0
			MAXSIZE 12
			MINDISTANCE 0
			MINFEATURESIZE 20
			PARTIALS OFF
			POSITION CC
			FORCE FALSE
			END
		END


		CLASS
			NAME "Distritos M"
			EXPRESSION ('[color]' = 'Distrito M')
			SIZE 5
			OUTLINECOLOR 0 0 0
			COLOR 0 180 120

		LABEL
			COLOR 0 0 0
			BACKGROUNDCOLOR 255 255 255
			TYPE TRUETYPE
			ANGLE AUTO
			ANTIALIAS ON
			FONT lucida
			SIZE 7
			BUFFER 0
			MAXSIZE 12
			MINDISTANCE 0
			MINFEATURESIZE 20
			PARTIALS OFF
			POSITION CC
			FORCE FALSE
			END
		END


		CLASS
			NAME "Distritos P"
			EXPRESSION ('[color]' = 'Distrito P')
			SIZE 5
			OUTLINECOLOR 0 0 0
			COLOR 170 170 50

		LABEL
			COLOR 0 0 0
			BACKGROUNDCOLOR 255 255 255
			TYPE TRUETYPE
			ANGLE AUTO
			ANTIALIAS ON
			FONT lucida
			SIZE 7
			BUFFER 0
			MAXSIZE 12
			MINDISTANCE 0
			MINFEATURESIZE 20
			PARTIALS OFF
			POSITION CC
			FORCE FALSE
			END
		END


		CLASS
			NAME "Distritos R"
			EXPRESSION ('[color]' = 'Distrito R')
			SIZE 5
			OUTLINECOLOR 0 0 0
			COLOR 230 180 70

		LABEL
			COLOR 0 0 0
			BACKGROUNDCOLOR 255 255 255
			TYPE TRUETYPE
			ANGLE AUTO
			ANTIALIAS ON
			FONT lucida
			SIZE 7
			BUFFER 0
			MAXSIZE 12
			MINDISTANCE 0
			MINFEATURESIZE 20
			PARTIALS OFF
			POSITION CC
			FORCE FALSE
			END
		END


		CLASS
			NAME "Distritos Transitorios"
			EXPRESSION ('[color]' = 'Distrito Transitorio')
			SIZE 5
			OUTLINECOLOR 0 0 0
			COLOR 255 220 140

		LABEL
			COLOR 0 0 0
			BACKGROUNDCOLOR 255 255 255
			TYPE TRUETYPE
			ANGLE AUTO
			ANTIALIAS ON
			FONT lucida
			SIZE 7
			BUFFER 0
			MAXSIZE 12
			MINDISTANCE 0
			MINFEATURESIZE 20
			PARTIALS OFF
			POSITION CC
			FORCE FALSE
			END
		END

	END

	LAYER # Areas Especiales
		NAME "Areas Especiales"
		METADATA
               	"wms_title"    "Areas Especiales"  ##required
       	END
	      	PROJECTION
      		"init=epsg:22195"
		END
		CONNECTION "aricagn0/aricagn0@gis"
		CONNECTIONTYPE INFORMIXSPATIAL
		DATA "the_geom from v_codigo_urbano USING UNIQUE SE_ROW_ID FILTER"
		STATUS ON
		TYPE POLYGON
		POSTLABELCACHE OFF
		LABELCACHE ON
		LABELITEM "etiqueta"
		FILTER "tipo = 2"
		TRANSPARENCY 75
		CLASS
			NAME "Areas Generales"
			EXPRESSION ('[color]' = 'AG')
			SIZE 5
			OUTLINECOLOR 0 0 0
			COLOR 130 140 150

		LABEL
			COLOR 0 0 0
			BACKGROUNDCOLOR 255 255 255
			TYPE TRUETYPE
			ANGLE AUTO
			ANTIALIAS ON
			FONT arialbd
			SIZE 7
			BUFFER 0
			MAXSIZE 12
			MINDISTANCE 0
			MINFEATURESIZE 30
			PARTIALS OFF
			POSITION CC
			FORCE FALSE
			END
		END


		CLASS
			NAME "Areas de Tejido"
			EXPRESSION ('[color]' = 'AT')
			SIZE 5
			OUTLINECOLOR 0 0 0
			COLOR 130 140 150

		LABEL
			COLOR 0 0 0
			BACKGROUNDCOLOR 255 255 255
			TYPE TRUETYPE
			ANGLE AUTO
			ANTIALIAS ON
			FONT arialbd
			SIZE 7
			BUFFER 0
			MAXSIZE 12
			MINDISTANCE 0
			MINFEATURESIZE 30
			PARTIALS OFF
			POSITION CC
			FORCE FALSE
			END
		END


		CLASS
			NAME "Planes de  detalle"
			EXPRESSION ('[color]' = 'PD')
			SIZE 5
			OUTLINECOLOR 0 0 0
			COLOR 90 90 110

		LABEL
			COLOR 0 0 0
			BACKGROUNDCOLOR 255 255 255
			TYPE TRUETYPE
			ANGLE AUTO
			ANTIALIAS ON
			FONT arialbd
			SIZE 7
			BUFFER 0
			MAXSIZE 12
			MINDISTANCE 0
			MINFEATURESIZE 30
			PARTIALS OFF
			POSITION CC
			FORCE FALSE
			END
		END


		CLASS
			NAME "Areas de Reserva"
			EXPRESSION ('[color]' = 'AR')
			SIZE 5
			OUTLINECOLOR 0 0 0
			COLOR 100 90 240

		LABEL
			COLOR 0 0 0
			BACKGROUNDCOLOR 255 255 255
			TYPE TRUETYPE
			ANGLE AUTO
			ANTIALIAS ON
			FONT arialbd
			SIZE 7
			BUFFER 0
			MAXSIZE 12
			MINDISTANCE 0
			MINFEATURESIZE 30
			PARTIALS OFF
			POSITION CC
			FORCE FALSE
			END
		END


		CLASS
			NAME "Areas de Reserva  Protección Histórica"
			EXPRESSION ('[color]' = 'ARPH')
			SIZE 5
			OUTLINECOLOR 0 0 0
			COLOR 40 60 110

		LABEL
			COLOR 0 0 0
			BACKGROUNDCOLOR 255 255 255
			TYPE TRUETYPE
			ANGLE AUTO
			ANTIALIAS ON
			FONT arialbd
			SIZE 7
			BUFFER 0
			MAXSIZE 12
			MINDISTANCE 0
			MINFEATURESIZE 30
			PARTIALS OFF
			POSITION CC
			FORCE FALSE
			END
		END


		CLASS
			NAME "Areas de Protección Histórica"
			EXPRESSION ('[color]' = 'APH')
			SIZE 5
			OUTLINECOLOR 0 0 0
			COLOR 120 150 200

		LABEL
			COLOR 0 0 0
			BACKGROUNDCOLOR 255 255 255
			TYPE TRUETYPE
			ANGLE AUTO
			ANTIALIAS ON
			FONT arialbd
			SIZE 7
			BUFFER 0
			MAXSIZE 12
			MINDISTANCE 0
			MINFEATURESIZE 30
			PARTIALS OFF
			POSITION CC
			FORCE FALSE
			END
		END


		CLASS
			NAME "Frentes de Renovación Urbana"
			EXPRESSION ('[color]' = 'FRU')
			OUTLINECOLOR 0 0 0
			COLOR 70 20 70

		LABEL
			COLOR 0 0 0
			BACKGROUNDCOLOR 255 255 255
			TYPE TRUETYPE
			ANGLE AUTO
			ANTIALIAS ON
			FONT arialbd
			SIZE 7
			BUFFER 0
			MAXSIZE 12
			MINDISTANCE 0
			MINFEATURESIZE 30
			PARTIALS OFF
			POSITION CC
			FORCE FALSE
			END
		END


		CLASS
			NAME "Frentes  Costeros"
			EXPRESSION ('[color]' = 'FC')
			SIZE 5
			OUTLINECOLOR 0 0 0
			COLOR 255 0 0

		LABEL
			COLOR 0 0 0
			BACKGROUNDCOLOR 255 255 255
			TYPE TRUETYPE
			ANGLE AUTO
			ANTIALIAS ON
			FONT arialbd
			SIZE 7
			BUFFER 0
			MAXSIZE 12
			MINDISTANCE 0
			MINFEATURESIZE 30
			PARTIALS OFF
			POSITION CC
			FORCE FALSE
			END
		END


		CLASS
			NAME "CUA - Corredores Urbanos"
			EXPRESSION ('[color]' = 'CUA')
			SIZE 5
			OUTLINECOLOR 0 0 0
			COLOR 110 40 40

		LABEL
			COLOR 0 0 0
			BACKGROUNDCOLOR 255 255 255
			TYPE TRUETYPE
			ANGLE AUTO
			ANTIALIAS ON
			FONT arialbd
			SIZE 7
			BUFFER 0
			MAXSIZE 12
			MINDISTANCE 0
			MINFEATURESIZE 30
			PARTIALS OFF
			POSITION CC
			FORCE FALSE
			END
		END


		CLASS
			NAME "CUB - Corredores Urbanos"
			EXPRESSION ('[color]' = 'CUB')
			SIZE 5
			OUTLINECOLOR 0 0 0
			COLOR 150 0 0

		LABEL
			COLOR 0 0 0
			BACKGROUNDCOLOR 255 255 255
			TYPE TRUETYPE
			ANGLE AUTO
			ANTIALIAS ON
			FONT arialbd
			SIZE 7
			BUFFER 0
			MAXSIZE 12
			MINDISTANCE 0
			MINFEATURESIZE 30
			PARTIALS OFF
			POSITION CC
			FORCE FALSE
			END
		END


		CLASS
			NAME "CUC - Corredores Urbanos"
			EXPRESSION ('[color]' = 'CUC')
			SIZE 5
			OUTLINECOLOR 0 0 0
			COLOR 230 120 40

		LABEL
			COLOR 0 0 0
			BACKGROUNDCOLOR 255 255 255
			TYPE TRUETYPE
			ANGLE AUTO
			ANTIALIAS ON
			FONT arialbd
			SIZE 7
			BUFFER 0
			MAXSIZE 12
			MINDISTANCE 0
			MINFEATURESIZE 30
			PARTIALS OFF
			POSITION CC
			FORCE FALSE
			END
		END


		CLASS
			NAME "Entorno  Planetario"
			EXPRESSION ('[color]' = 'Entorno Planetario')
			SIZE 5
			OUTLINECOLOR 0 0 0
			COLOR 130 180 130

		LABEL
			COLOR 0 0 0
			BACKGROUNDCOLOR 255 255 255
			TYPE TRUETYPE
			ANGLE AUTO
			ANTIALIAS ON
			FONT arialbd
			SIZE 7
			BUFFER 0
			MAXSIZE 12
			MINDISTANCE 0
			MINFEATURESIZE 30
			PARTIALS OFF
			POSITION CC
			FORCE FALSE
			END
		END

	END

	LAYER # Catálogo de Patrimonio
		NAME "Catalogo de Patrimonio"		
		METADATA
               	"wms_title"    "Catalogo de Patrimonio"  ##required
       	END
	      	PROJECTION
      		"init=epsg:22195"
		END
		CONNECTION "aricagn0/aricagn0@gis"
		CONNECTIONTYPE INFORMIXSPATIAL
		DATA "the_geom from catalogo_cu USING UNIQUE SE_ROW_ID FILTER"
		STATUS ON
		TYPE POLYGON
		POSTLABELCACHE OFF
		LABELCACHE ON
		LABELITEM "grado"
		TRANSPARENCY 75

		CLASS
			NAME "1a"
			EXPRESSION ('[grado]' = '1a')
			SIZE 2
			OUTLINECOLOR 0 0 0
			COLOR 115 10 30

		LABEL
			COLOR 0 0 0
			TYPE TRUETYPE
			ANGLE AUTO
			ANTIALIAS ON
			FONT lucida
			SIZE 6
			BUFFER 0
			MAXSIZE 6
			MINDISTANCE 0
			MINFEATURESIZE 15
			PARTIALS OFF
			POSITION CC
			FORCE FALSE
			END
		END


		CLASS
			NAME "1b"
			EXPRESSION ('[grado]' = '1b')
			SIZE 2
			OUTLINECOLOR 0 0 0
			COLOR 155 45 70

		LABEL
			COLOR 0 0 0
			TYPE TRUETYPE
			ANGLE AUTO
			ANTIALIAS ON
			FONT lucida
			SIZE 6
			BUFFER 0
			MAXSIZE 6
			MINDISTANCE 0
			MINFEATURESIZE 15
			PARTIALS OFF
			POSITION CC
			FORCE FALSE
			END
		END


		CLASS
			NAME "2a"
			EXPRESSION ('[grado]' = '2a')
			SIZE 2
			OUTLINECOLOR 0 0 0
			COLOR 85 60 150

		LABEL
			COLOR 0 0 0
			TYPE TRUETYPE
			ANGLE AUTO
			ANTIALIAS ON
			FONT lucida
			SIZE 6
			BUFFER 0
			MAXSIZE 6
			MINDISTANCE 0
			MINFEATURESIZE 15
			PARTIALS OFF
			POSITION CC
			FORCE FALSE
			END
		END


		CLASS
			NAME "2b"
			EXPRESSION ('[grado]' = '2b')
			SIZE 2
			OUTLINECOLOR 0 0 0
			COLOR 150 150 200

		LABEL
			COLOR 0 0 0
			TYPE TRUETYPE
			ANGLE AUTO
			ANTIALIAS ON
			FONT lucida
			SIZE 6
			BUFFER 0
			MAXSIZE 6
			MINDISTANCE 0
			MINFEATURESIZE 15
			PARTIALS OFF
			POSITION CC
			FORCE FALSE
			END
		END


		CLASS
			NAME "2c"
			EXPRESSION ('[grado]' = '2c')
			SIZE 2
			OUTLINECOLOR 0 0 0
			COLOR 220 220 235

		LABEL
			COLOR 0 0 0
			TYPE TRUETYPE
			ANGLE AUTO
			ANTIALIAS ON
			FONT lucida
			SIZE 6
			BUFFER 0
			MAXSIZE 6
			MINDISTANCE 0
			MINFEATURESIZE 15
			PARTIALS OFF
			POSITION CC
			FORCE FALSE
			END
		END


		CLASS
			NAME "3a"
			EXPRESSION ('[grado]' = '3a')
			SIZE 2
			OUTLINECOLOR 0 0 0
			COLOR 140 190 215

		LABEL
			COLOR 0 0 0
			TYPE TRUETYPE
			ANGLE AUTO
			ANTIALIAS ON
			FONT lucida
			SIZE 6
			BUFFER 0
			MAXSIZE 6
			MINDISTANCE 0
			MINFEATURESIZE 15
			PARTIALS OFF
			POSITION CC
			FORCE FALSE
			END
		END


		CLASS
			NAME "3b"
			EXPRESSION ('[grado]' = '3b')
			SIZE 2
			OUTLINECOLOR 0 0 0
			COLOR 200 225 240

		LABEL
			COLOR 0 0 0
			TYPE TRUETYPE
			ANGLE AUTO
			ANTIALIAS ON
			FONT lucida
			SIZE 6
			BUFFER 0
			MAXSIZE 6
			MINDISTANCE 0
			MINFEATURESIZE 15
			PARTIALS OFF
			POSITION CC
			FORCE FALSE
			END
		END


		CLASS
			NAME "4"
			EXPRESSION ('[grado]' = '4')
			SIZE 2
			OUTLINECOLOR 0 0 0
			COLOR 190 220 200

		LABEL
			COLOR 0 0 0
			TYPE TRUETYPE
			ANGLE AUTO
			ANTIALIAS ON
			FONT lucida
			SIZE 6
			BUFFER 0
			MAXSIZE 6
			MINDISTANCE 0
			MINFEATURESIZE 15
			PARTIALS OFF
			POSITION CC
			FORCE FALSE
			END
		END


		CLASS
			NAME "5"
			EXPRESSION ('[grado]' = '5')
			SIZE 2
			OUTLINECOLOR 0 0 0
			COLOR 45 130 100

		LABEL
			COLOR 0 0 0
			TYPE TRUETYPE
			ANGLE AUTO
			ANTIALIAS ON
			FONT lucida
			SIZE 6
			BUFFER 0
			MAXSIZE 6
			MINDISTANCE 0
			MINFEATURESIZE 15
			PARTIALS OFF
			POSITION CC
			FORCE FALSE
			END
		END

		CLASS
			NAME "P. Entorno"
			EXPRESSION ('[grado]' = 'P. Entorno')
			SIZE 2
			OUTLINECOLOR 0 0 0
			COLOR 180 180 180

		LABEL
			COLOR 0 0 0
			TYPE TRUETYPE
			ANGLE AUTO
			ANTIALIAS ON
			FONT lucida
			SIZE 6
			BUFFER 0
			MAXSIZE 6
			MINDISTANCE 0
			MINFEATURESIZE 15
			PARTIALS OFF
			POSITION CC
			FORCE FALSE
			END


		END


	END

END
